I'm sorry, but errors were detected in your script. Please correct the
errors listed below, and try again.


File "game/script.rpy", line 280: Line is followed by a block, despite not being a menu choice. Did you forget a colon at the end of the line?
    "Oh man, I'm getting Isekai'd??? This is awesome! Reminds me of Konosuba!"
                                                                              ^

Ren'Py Version: Ren'Py 8.0.3.22090809
Thu Dec 29 01:35:28 2022
